  project-#1.cpp
F:\My Studies\course-#11\Bank\project-#1\project-#1\clsString.h(38,19): warning C4267: 'return': conversion from 'size_t' to 'short', possible loss of data
  (compiling source file '../../../../course-#11/Bank/project-#1/project-#1/project-#1.cpp')
  
F:\My Studies\course-#11\Bank\project-#1\project-#1\clsString.h(43,23): warning C4267: 'return': conversion from 'size_t' to 'short', possible loss of data
  (compiling source file '../../../../course-#11/Bank/project-#1/project-#1/project-#1.cpp')
  
F:\My Studies\course-#11\Bank\project-#1\project-#1\clsString.h(53,24): warning C4267: '=': conversion from 'size_t' to 'int', possible loss of data
  (compiling source file '../../../../course-#11/Bank/project-#1/project-#1/project-#1.cpp')
  
F:\My Studies\course-#11\Bank\project-#1\project-#1\clsString.h(174,20): warning C4267: 'return': conversion from 'size_t' to 'short', possible loss of data
  (compiling source file '../../../../course-#11/Bank/project-#1/project-#1/project-#1.cpp')
  
F:\My Studies\course-#11\Bank\project-#1\project-#1\clsString.h(285,24): warning C4267: '=': conversion from 'size_t' to 'int', possible loss of data
  (compiling source file '../../../../course-#11/Bank/project-#1/project-#1/project-#1.cpp')
  
F:\My Studies\course-#11\Bank\project-#1\project-#1\clsString.h(328,14): warning C4267: 'initializing': conversion from 'size_t' to 'int', possible loss of data
  (compiling source file '../../../../course-#11/Bank/project-#1/project-#1/project-#1.cpp')
  
F:\My Studies\course-#11\Bank\project-#1\project-#1\clsBankClient.h(27,151): warning C4244: 'argument': conversion from 'double' to 'float', possible loss of data
  (compiling source file '../../../../course-#11/Bank/project-#1/project-#1/project-#1.cpp')
  
F:\My Studies\course-#11\Bank\project-#1\project-#1\clsBankClient.h(314,22): warning C4244: '+=': conversion from 'double' to 'float', possible loss of data
  (compiling source file '../../../../course-#11/Bank/project-#1/project-#1/project-#1.cpp')
  
F:\My Studies\course-#11\Bank\project-#1\project-#1\clsBankClient.h(326,23): warning C4244: '-=': conversion from 'double' to 'float', possible loss of data
  (compiling source file '../../../../course-#11/Bank/project-#1/project-#1/project-#1.cpp')
  
F:\My Studies\course-#11\Bank\project-#1\project-#1\clsTotalBalancesScreen.h(52,82): warning C4244: 'argument': conversion from 'double' to 'int', possible loss of data
  (compiling source file '../../../../course-#11/Bank/project-#1/project-#1/project-#1.cpp')
  
F:\My Studies\course-#11\Bank\project-#1\project-#1\clsBankClient.h(259,1): warning C4715: 'clsBankClient::Save': not all control paths return a value
F:\My Studies\course-#11\Bank\project-#1\project-#1\clsBankClient.h(329,1): warning C4715: 'clsBankClient::Withdraw': not all control paths return a value
F:\My Studies\course-#11\Bank\project-#1\project-#1\clsUser.h(268,1): warning C4715: 'clsUser::Save': not all control paths return a value
  project-#1.vcxproj -> F:\My Studies\course-#11\Bank\project-#1\x64\Debug\project-#1.exe
